
> orchestrator-platform@0.1.0 dev
> tsx packages/api-server/src/index.ts

Failed to start server: Error: listen EADDRINUSE: address already in use 0.0.0.0:3001
    at Server.setupListenHandle [as _listen2] (node:net:2008:16)
    at listenInCluster (node:net:2065:12)
    at node:net:2274:7
    at process.processTicksAndRejections (node:internal/process/task_queues:90:21) {
  code: 'EADDRINUSE',
  errno: -48,
  syscall: 'listen',
  address: '0.0.0.0',
  port: 3001
}
[14:57:31.680] [32mINFO[39m (2813): [36mRunning database migrations...[39m
[14:57:31.682] [32mINFO[39m (2813): [36mSQLite database connected[39m
    [35mpath[39m: "/Users/sharathn/coding/dev/orchestrator-platform/data/orchestrator.db"
[14:57:31.682] [32mINFO[39m (2813): [36mDatabase migrations completed[39m
[14:57:31.682] [32mINFO[39m (2813): [36mSeeding model registry...[39m
[14:57:31.682] [32mINFO[39m (2813): [36mModel registry seeded[39m
    [35mcount[39m: 17
[14:57:31.712] [32mINFO[39m (2813): [36mBackground services started (rate limit cleaner, session reaper, credit meter)[39m
